
> computerhulp-zh@1.0.0 build
> next build

  ▲ Next.js 14.2.33

   Creating an optimized production build ...
 ✓ Compiled successfully
   Linting and checking validity of types ...
   Collecting page data ...
unhandledRejection Error [PageNotFoundError]: Cannot find module for page: /_document
    at getPagePath (C:\Users\konia\OneDrive - Stichting Hogeschool Utrecht\Computerhulpzh\node_modules\next\dist\server\require.js:94:15)
    at requirePage (C:\Users\konia\OneDrive - Stichting Hogeschool Utrecht\Computerhulpzh\node_modules\next\dist\server\require.js:99:22)
    at C:\Users\konia\OneDrive - Stichting Hogeschool Utrecht\Computerhulpzh\node_modules\next\dist\server\load-components.js:72:65
    at process.processTicksAndRejections (node:internal/process/task_queues:105:5)
    at async Promise.all (index 0)
    at async loadComponentsImpl (C:\Users\konia\OneDrive - Stichting Hogeschool Utrecht\Computerhulpzh\node_modules\next\dist\server\load-components.js:71:33)
    at async Object.hasCustomGetInitialProps (C:\Users\konia\OneDrive - Stichting Hogeschool Utrecht\Computerhulpzh\node_modules\next\dist\build\utils.js:1274:24) {
  type: 'PageNotFoundError',
  code: 'ENOENT'
}
